###############################################################################
#
# IAR ELF Linker V9.10.2.313/W64 for ARM                  22/Jul/2021  15:31:29
# Copyright 2007-2021 IAR Systems AB.
#
#    Output file  =
#        C:\Users\gusta\Documents\UTFPR\Sistemas
#        Microcontrolados\TM4C1294_SM_IAR9-main\Projects\Exerc_17\Debug\Exe\Exerc_17.out
#    Map file     =
#        C:\Users\gusta\Documents\UTFPR\Sistemas
#        Microcontrolados\TM4C1294_SM_IAR9-main\Projects\Exerc_17\Debug\List\Exerc_17.map
#    Command line =
#        -f "C:\Users\gusta\Documents\UTFPR\Sistemas
#        Microcontrolados\TM4C1294_SM_IAR9-main\Projects\Exerc_17\Debug\Exe\Exerc_17.out.rsp"
#        ("C:\Users\gusta\Documents\UTFPR\Sistemas
#        Microcontrolados\TM4C1294_SM_IAR9-main\Projects\Exerc_17\Debug\Obj\src\asm.o"
#        "C:\Users\gusta\Documents\UTFPR\Sistemas
#        Microcontrolados\TM4C1294_SM_IAR9-main\Projects\Exerc_17\Debug\Obj\src\Delay_R0.o"
#        "C:\Users\gusta\Documents\UTFPR\Sistemas
#        Microcontrolados\TM4C1294_SM_IAR9-main\Projects\Exerc_17\Debug\Obj\src\Delay_R3.o"
#        "C:\Users\gusta\Documents\UTFPR\Sistemas
#        Microcontrolados\TM4C1294_SM_IAR9-main\Projects\Exerc_17\Debug\Obj\src\GPIO_clock_enable.o"
#        "C:\Users\gusta\Documents\UTFPR\Sistemas
#        Microcontrolados\TM4C1294_SM_IAR9-main\Projects\Exerc_17\Debug\Obj\src\GPIO_enable_digital_output.o"
#        "C:\Users\gusta\Documents\UTFPR\Sistemas
#        Microcontrolados\TM4C1294_SM_IAR9-main\Projects\Exerc_17\Debug\Obj\src\GPIO_write_leds.o"
#        --no_out_extension -o "C:\Users\gusta\Documents\UTFPR\Sistemas
#        Microcontrolados\TM4C1294_SM_IAR9-main\Projects\Exerc_17\Debug\Exe\Exerc_17.out"
#        --redirect _Printf=_PrintfFullNoMb --redirect _Scanf=_ScanfFullNoMb
#        --map "C:\Users\gusta\Documents\UTFPR\Sistemas
#        Microcontrolados\TM4C1294_SM_IAR9-main\Projects\Exerc_17\Debug\List\Exerc_17.map"
#        --config "C:\Program Files\IAR Systems\Embedded Workbench
#        9.0\arm\config\linker\TexasInstruments\TM4C1294NC.icf" --semihosting
#        --no_library_search --entry __iar_program_start --vfe --text_out
#        locale)
#
###############################################################################

*******************************************************************************
*** PLACEMENT SUMMARY
***

"A0":  place at address 0x0 { ro section .intvec };
"P1":  place in [from 0x0 to 0xf'ffff] { ro };
define block CSTACK with size = 32K, alignment = 8 { };
define block HEAP with size = 64K, alignment = 8 { };
"P2":  place in [from 0x2000'0000 to 0x2003'ffff] {
          rw, block CSTACK, block HEAP };

No sections matched the following patterns:

  rw  in "P2"


  Section   Kind         Address    Size  Object
  -------   ----         -------    ----  ------
"A0":                               0x40
  .intvec   ro code          0x0    0x40  asm.o [1]
                          - 0x40    0x40

"P1":                               0xb6
  .text     ro code         0x40    0x60  asm.o [1]
  .text     ro code         0xa0    0x1c  GPIO_clock_enable.o [1]
  .text     ro code         0xbc    0x1a  GPIO_enable_digital_output.o [1]
  .text     ro code         0xd6     0xa  GPIO_write_leds.o [1]
  .text     ro code         0xe0     0xa  Delay_R0.o [1]
  .text     ro code         0xea     0xa  Delay_R3.o [1]
  .text     ro code         0xf4     0x2  asm.o [1]
                          - 0xf6    0xb6

"P2":                             0x8000
  CSTACK             0x2000'0000  0x8000  <Block>
    CSTACK  uninit   0x2000'0000  0x8000  <Block tail>
                   - 0x2000'8000  0x8000

Unused ranges:

         From           To      Size
         ----           --      ----
         0xf6     0xf'ffff  0xf'ff0a
  0x2000'8000  0x2003'ffff  0x3'8000



*******************************************************************************
*** MODULE SUMMARY
***

    Module                        ro code  rw data
    ------                        -------  -------
command line/config:
    ----------------------------------------------
    Total:

C:\Users\gusta\Documents\UTFPR\Sistemas Microcontrolados\TM4C1294_SM_IAR9-main\Projects\Exerc_17\Debug\Obj\src: [1]
    Delay_R0.o                         10
    Delay_R3.o                         10
    GPIO_clock_enable.o                28
    GPIO_enable_digital_output.o       26
    GPIO_write_leds.o                  10
    asm.o                             162
    ----------------------------------------------
    Total:                            246

    Linker created                          32'768
--------------------------------------------------
    Grand Total:                      246   32'768


*******************************************************************************
*** ENTRY LIST
***

Entry                       Address  Size  Type      Object
-----                       -------  ----  ----      ------
CSTACK$$Base            0x2000'0000         --   Gb  - Linker created -
CSTACK$$Limit           0x2000'8000         --   Gb  - Linker created -
Delay_R0                       0xe1        Code  Gb  Delay_R0.o [1]
Delay_R3                       0xeb        Code  Gb  Delay_R3.o [1]
GPIO_clock_enable              0xa1        Code  Gb  GPIO_clock_enable.o [1]
GPIO_enable_digital_output
                               0xbd        Code  Gb  GPIO_enable_digital_output.o [1]
GPIO_write_leds                0xd7        Code  Gb  GPIO_write_leds.o [1]
__iar_program_start            0x41        Code  Gb  asm.o [1]
__vector_table                  0x0        Data  Gb  asm.o [1]


[1] = C:\Users\gusta\Documents\UTFPR\Sistemas Microcontrolados\TM4C1294_SM_IAR9-main\Projects\Exerc_17\Debug\Obj\src

     246 bytes of readonly  code memory
  32'768 bytes of readwrite data memory

Errors: none
Warnings: none
